// Jest Snapshot v1, https://goo.gl/fbAQLP

exports[`AuthForm renders correctly 1`] = `
<div>
  <div
    class="px-[6.46875rem] py-[1.5rem] mmd:px-[2rem] ssm:px-[1rem]"
  >
    <div
      class="flex items-center"
    >
      <div
        class="form"
      >
        <input
          class="form__input"
          id="username"
          name="username"
          placeholder=" "
          type="username"
          value=""
        />
        <label
          class="form__label"
          for="username"
        >
          username
        </label>
      </div>
    </div>
    <div
      class="text-xs py-[0.5rem] px-1"
    />
    <div
      class="flex items-center mt-6"
    >
      <div
        class="form"
      >
        <input
          class="form__input border-[#d3d7e2]"
          id="password"
          name="password"
          placeholder=" "
          type="password"
          value=""
        />
        <label
          class="form__label"
          for="password"
        >
          password
        </label>
      </div>
    </div>
    <div
      class="text-xs py-[0.5rem] px-1"
    />
    <div>
      <button
        class="flex bg-[#fcd435] text-[#212529] mt-8 h-12 justify-center items-center tracking-widest w-full rounded-xl"
        data-testid="title"
      >
        Register
      </button>
    </div>
  </div>
  <div
    class="link px-[6.46875rem] text-base flex justify-end mmd:px-[2rem] ssm:px-[1rem]"
  >
    <div
      class="text-[#C99400] font-semibold cursor-pointer"
    >
      로그인
    </div>
    <div
      class="dark:text-[#e4e5e7]"
    >
       으로 이동
    </div>
  </div>
  <div
    class="flex mt-4  my-8 items-center justify-between px-1"
  >
    <div
      class="w-[136px] h-[1px] bg-[#EAECEF]"
    />
    <div
      class="text-[#707a8a] dark:text-[#e4e5e7]"
    >
      Or
    </div>
    <div
      class="w-[136px] h-[1px] bg-[#EAECEF]"
    />
  </div>
  <div
    class="flex justify-between w-[60%] mx-auto pt-3"
  >
    <a
      href="undefined"
    >
      <div
        class="rounded-full border-[#DEE2E6] border w-[50px] h-[50px] flex justify-center items-center transition-all hover:hover:translate-y-[-5px] transform duration-500 ease-in-out cursor-pointer hover:shadow-md"
      >
        <svg
          height="24px"
          viewBox="0 0 48 48"
          width="24px"
          xmlns="http://www.w3.org/2000/svg"
        >
          <path
            d="M43.611,20.083H42V20H24v8h11.303c-1.649,4.657-6.08,8-11.303,8c-6.627,0-12-5.373-12-12c0-6.627,5.373-12,12-12c3.059,0,5.842,1.154,7.961,3.039l5.657-5.657C34.046,6.053,29.268,4,24,4C12.955,4,4,12.955,4,24c0,11.045,8.955,20,20,20c11.045,0,20-8.955,20-20C44,22.659,43.862,21.35,43.611,20.083z"
            fill="#FFC107"
          />
          <path
            d="M6.306,14.691l6.571,4.819C14.655,15.108,18.961,12,24,12c3.059,0,5.842,1.154,7.961,3.039l5.657-5.657C34.046,6.053,29.268,4,24,4C16.318,4,9.656,8.337,6.306,14.691z"
            fill="#FF3D00"
          />
          <path
            d="M24,44c5.166,0,9.86-1.977,13.409-5.192l-6.19-5.238C29.211,35.091,26.715,36,24,36c-5.202,0-9.619-3.317-11.283-7.946l-6.522,5.025C9.505,39.556,16.227,44,24,44z"
            fill="#4CAF50"
          />
          <path
            d="M43.611,20.083H42V20H24v8h11.303c-0.792,2.237-2.231,4.166-4.087,5.571c0.001-0.001,0.002-0.001,0.003-0.002l6.19,5.238C36.971,39.205,44,34,44,24C44,22.659,43.862,21.35,43.611,20.083z"
            fill="#1976D2"
          />
        </svg>
      </div>
    </a>
    <div>
      <div
        class="hidden"
        id="naverIdLogin"
      />
      <div
        class="rounded-full w-[50px] h-[50px] flex justify-center items-center transition-all hover:hover:translate-y-[-5px] transform duration-500 ease-in-out cursor-pointer hover:shadow-md"
      >
        <img
          src="/naver.png "
        />
      </div>
    </div>
    <a
      href="undefined"
    >
      <div
        class="rounded-full bg-[#fee500] w-[50px] h-[50px] flex justify-center items-center transition-all hover:hover:translate-y-[-5px] transform duration-500 ease-in-out cursor-pointer hover:shadow-md"
      >
        <img
          class="w-[24px] h-[24px]"
          src="/kakao.png"
        />
      </div>
    </a>
  </div>
</div>
`;
